2025-10-14 13:49:07.224 [main] INFO  c.nabil.managers.ManagersApplication - Starting ManagersApplication using Java 17.0.15 with PID 214224 (/home/nabil/Documents/Cloud Lab/managers/target/classes started by nabil in /home/nabil/Documents/Cloud Lab/managers)
2025-10-14 13:49:07.235 [main] INFO  c.nabil.managers.ManagersApplication - No active profile set, falling back to 1 default profile: "default"
2025-10-14 13:49:08.479 [main] INFO  o.s.d.r.c.RepositoryConfigurationDelegate - Bootstrapping Spring Data JPA repositories in DEFAULT mode.
2025-10-14 13:49:08.597 [main] INFO  o.s.d.r.c.RepositoryConfigurationDelegate - Finished Spring Data repository scanning in 100 ms. Found 1 JPA repository interface.
2025-10-14 13:49:09.725 [main] INFO  o.s.b.w.e.tomcat.TomcatWebServer - Tomcat initialized with port 8080 (http)
2025-10-14 13:49:09.748 [main] INFO  o.a.catalina.core.StandardService - Starting service [Tomcat]
2025-10-14 13:49:09.749 [main] INFO  o.a.catalina.core.StandardEngine - Starting Servlet engine: [Apache Tomcat/10.1.46]
2025-10-14 13:49:09.925 [main] INFO  o.a.c.c.C.[Tomcat].[localhost].[/] - Initializing Spring embedded WebApplicationContext
2025-10-14 13:49:09.925 [main] INFO  o.s.b.w.s.c.ServletWebServerApplicationContext - Root WebApplicationContext: initialization completed in 2590 ms
2025-10-14 13:49:10.292 [main] INFO  o.h.jpa.internal.util.LogHelper - HHH000204: Processing PersistenceUnitInfo [name: default]
2025-10-14 13:49:10.365 [main] INFO  org.hibernate.Version - HHH000412: Hibernate ORM core version 6.6.29.Final
2025-10-14 13:49:10.424 [main] INFO  o.h.c.i.RegionFactoryInitiator - HHH000026: Second-level cache disabled
2025-10-14 13:49:10.814 [main] INFO  o.s.o.j.p.SpringPersistenceUnitInfo - No LoadTimeWeaver setup: ignoring JPA class transformer
2025-10-14 13:49:10.867 [main] INFO  com.zaxxer.hikari.HikariDataSource - HikariPool-1 - Starting...
2025-10-14 13:49:11.286 [main] INFO  com.zaxxer.hikari.pool.HikariPool - HikariPool-1 - Added connection org.postgresql.jdbc.PgConnection@1eb906f3
2025-10-14 13:49:11.290 [main] INFO  com.zaxxer.hikari.HikariDataSource - HikariPool-1 - Start completed.
2025-10-14 13:49:11.335 [main] WARN  org.hibernate.orm.deprecation - HHH90000025: PostgreSQLDialect does not need to be specified explicitly using 'hibernate.dialect' (remove the property setting and it will be selected by default)
2025-10-14 13:49:11.371 [main] INFO  o.hibernate.orm.connections.pooling - HHH10001005: Database info:
	Database JDBC URL [Connecting through datasource 'HikariDataSource (HikariPool-1)']
	Database driver: undefined/unknown
	Database version: 16.9
	Autocommit mode: undefined/unknown
	Isolation level: undefined/unknown
	Minimum pool size: undefined/unknown
	Maximum pool size: undefined/unknown
2025-10-14 13:49:12.401 [main] INFO  o.h.e.t.j.p.i.JtaPlatformInitiator - HHH000489: No JTA platform available (set 'hibernate.transaction.jta.platform' to enable JTA platform integration)
2025-10-14 13:49:12.447 [main] INFO  o.s.o.j.LocalContainerEntityManagerFactoryBean - Initialized JPA EntityManagerFactory for persistence unit 'default'
2025-10-14 13:49:12.865 [main] WARN  o.s.b.a.o.j.JpaBaseConfiguration$JpaWebConfiguration - spring.jpa.open-in-view is enabled by default. Therefore, database queries may be performed during view rendering. Explicitly configure spring.jpa.open-in-view to disable this warning
2025-10-14 13:49:12.949 [main] INFO  o.s.s.c.a.a.c.InitializeUserDetailsBeanManagerConfigurer$InitializeUserDetailsManagerConfigurer - Global AuthenticationManager configured with UserDetailsService bean with name customUserDetailsService
2025-10-14 13:49:13.782 [main] INFO  o.s.b.w.e.tomcat.TomcatWebServer - Tomcat started on port 8080 (http) with context path '/'
2025-10-14 13:49:13.801 [main] INFO  c.nabil.managers.ManagersApplication - Started ManagersApplication in 7.287 seconds (process running for 7.791)
2025-10-14 13:49:14.027 [main] DEBUG org.hibernate.SQL - select u1_0.id,u1_0.password,u1_0.username from users u1_0 where u1_0.username=?
2025-10-14 13:49:51.676 [http-nio-8080-exec-1] INFO  o.a.c.c.C.[Tomcat].[localhost].[/] - Initializing Spring DispatcherServlet 'dispatcherServlet'
2025-10-14 13:49:51.678 [http-nio-8080-exec-1] INFO  o.s.web.servlet.DispatcherServlet - Initializing Servlet 'dispatcherServlet'
2025-10-14 13:49:51.680 [http-nio-8080-exec-1] INFO  o.s.web.servlet.DispatcherServlet - Completed initialization in 1 ms
2025-10-14 13:50:00.616 [http-nio-8080-exec-3] DEBUG org.hibernate.SQL - select u1_0.id,u1_0.password,u1_0.username from users u1_0 where u1_0.username=?
2025-10-14 13:50:00.820 [http-nio-8080-exec-3] WARN  o.s.w.s.m.s.DefaultHandlerExceptionResolver - Ignoring exception, response committed already: org.springframework.web.HttpRequestMethodNotSupportedException: Request method 'POST' is not supported
2025-10-14 13:50:00.821 [http-nio-8080-exec-3] WARN  o.s.w.s.m.s.DefaultHandlerExceptionResolver - Resolved [org.springframework.web.HttpRequestMethodNotSupportedException: Request method 'POST' is not supported]
2025-10-14 13:53:27.512 [SpringApplicationShutdownHook] INFO  o.s.b.w.e.tomcat.GracefulShutdown - Commencing graceful shutdown. Waiting for active requests to complete
2025-10-14 13:53:27.515 [tomcat-shutdown] INFO  o.s.b.w.e.tomcat.GracefulShutdown - Graceful shutdown complete
2025-10-14 13:53:27.521 [SpringApplicationShutdownHook] INFO  o.s.o.j.LocalContainerEntityManagerFactoryBean - Closing JPA EntityManagerFactory for persistence unit 'default'
2025-10-14 13:53:27.524 [SpringApplicationShutdownHook] INFO  com.zaxxer.hikari.HikariDataSource - HikariPool-1 - Shutdown initiated...
2025-10-14 13:53:27.541 [SpringApplicationShutdownHook] INFO  com.zaxxer.hikari.HikariDataSource - HikariPool-1 - Shutdown completed.
2025-10-14 13:53:29.508 [main] INFO  c.nabil.managers.ManagersApplication - Starting ManagersApplication using Java 17.0.15 with PID 217448 (/home/nabil/Documents/Cloud Lab/managers/target/classes started by nabil in /home/nabil/Documents/Cloud Lab/managers)
2025-10-14 13:53:29.520 [main] INFO  c.nabil.managers.ManagersApplication - No active profile set, falling back to 1 default profile: "default"
2025-10-14 13:53:31.157 [main] INFO  o.s.d.r.c.RepositoryConfigurationDelegate - Bootstrapping Spring Data JPA repositories in DEFAULT mode.
2025-10-14 13:53:31.303 [main] INFO  o.s.d.r.c.RepositoryConfigurationDelegate - Finished Spring Data repository scanning in 115 ms. Found 1 JPA repository interface.
2025-10-14 13:53:32.605 [main] INFO  o.s.b.w.e.tomcat.TomcatWebServer - Tomcat initialized with port 8080 (http)
2025-10-14 13:53:32.646 [main] INFO  o.a.catalina.core.StandardService - Starting service [Tomcat]
2025-10-14 13:53:32.648 [main] INFO  o.a.catalina.core.StandardEngine - Starting Servlet engine: [Apache Tomcat/10.1.46]
2025-10-14 13:53:32.740 [main] INFO  o.a.c.c.C.[Tomcat].[localhost].[/] - Initializing Spring embedded WebApplicationContext
2025-10-14 13:53:32.742 [main] INFO  o.s.b.w.s.c.ServletWebServerApplicationContext - Root WebApplicationContext: initialization completed in 3061 ms
2025-10-14 13:53:33.184 [main] INFO  o.h.jpa.internal.util.LogHelper - HHH000204: Processing PersistenceUnitInfo [name: default]
2025-10-14 13:53:33.304 [main] INFO  org.hibernate.Version - HHH000412: Hibernate ORM core version 6.6.29.Final
2025-10-14 13:53:33.373 [main] INFO  o.h.c.i.RegionFactoryInitiator - HHH000026: Second-level cache disabled
2025-10-14 13:53:33.961 [main] INFO  o.s.o.j.p.SpringPersistenceUnitInfo - No LoadTimeWeaver setup: ignoring JPA class transformer
2025-10-14 13:53:34.024 [main] INFO  com.zaxxer.hikari.HikariDataSource - HikariPool-1 - Starting...
2025-10-14 13:53:34.599 [main] INFO  com.zaxxer.hikari.pool.HikariPool - HikariPool-1 - Added connection org.postgresql.jdbc.PgConnection@4ebfb045
2025-10-14 13:53:34.603 [main] INFO  com.zaxxer.hikari.HikariDataSource - HikariPool-1 - Start completed.
2025-10-14 13:53:34.674 [main] WARN  org.hibernate.orm.deprecation - HHH90000025: PostgreSQLDialect does not need to be specified explicitly using 'hibernate.dialect' (remove the property setting and it will be selected by default)
2025-10-14 13:53:34.739 [main] INFO  o.hibernate.orm.connections.pooling - HHH10001005: Database info:
	Database JDBC URL [Connecting through datasource 'HikariDataSource (HikariPool-1)']
	Database driver: undefined/unknown
	Database version: 16.9
	Autocommit mode: undefined/unknown
	Isolation level: undefined/unknown
	Minimum pool size: undefined/unknown
	Maximum pool size: undefined/unknown
2025-10-14 13:53:36.046 [main] INFO  o.h.e.t.j.p.i.JtaPlatformInitiator - HHH000489: No JTA platform available (set 'hibernate.transaction.jta.platform' to enable JTA platform integration)
2025-10-14 13:53:36.109 [main] INFO  o.s.o.j.LocalContainerEntityManagerFactoryBean - Initialized JPA EntityManagerFactory for persistence unit 'default'
2025-10-14 13:53:36.538 [main] WARN  o.s.b.a.o.j.JpaBaseConfiguration$JpaWebConfiguration - spring.jpa.open-in-view is enabled by default. Therefore, database queries may be performed during view rendering. Explicitly configure spring.jpa.open-in-view to disable this warning
2025-10-14 13:53:36.607 [main] INFO  o.s.s.c.a.a.c.InitializeUserDetailsBeanManagerConfigurer$InitializeUserDetailsManagerConfigurer - Global AuthenticationManager configured with UserDetailsService bean with name customUserDetailsService
2025-10-14 13:53:37.391 [main] INFO  o.s.b.w.e.tomcat.TomcatWebServer - Tomcat started on port 8080 (http) with context path '/'
2025-10-14 13:53:37.410 [main] INFO  c.nabil.managers.ManagersApplication - Started ManagersApplication in 8.73 seconds (process running for 9.192)
2025-10-14 13:53:37.648 [main] DEBUG org.hibernate.SQL - select u1_0.id,u1_0.password,u1_0.username from users u1_0 where u1_0.username=?
2025-10-14 13:53:52.297 [http-nio-8080-exec-1] INFO  o.a.c.c.C.[Tomcat].[localhost].[/] - Initializing Spring DispatcherServlet 'dispatcherServlet'
2025-10-14 13:53:52.297 [http-nio-8080-exec-1] INFO  o.s.web.servlet.DispatcherServlet - Initializing Servlet 'dispatcherServlet'
2025-10-14 13:53:52.299 [http-nio-8080-exec-1] INFO  o.s.web.servlet.DispatcherServlet - Completed initialization in 2 ms
2025-10-14 13:53:52.488 [http-nio-8080-exec-1] DEBUG org.hibernate.SQL - select u1_0.id,u1_0.password,u1_0.username from users u1_0 where u1_0.username=?
2025-10-14 13:53:52.690 [http-nio-8080-exec-1] WARN  c.n.m.config.LoginAttemptFilter - {"event_id":"LOGIN_ATTEMPT","timestamp":"2025-10-14T13:53:52.623808653+07:00[Asia/Jakarta]","client_ip":"0:0:0:0:0:0:0:1","user_agent":"Mozilla/5.0 (X11; Linux x86_64) AppleWebKit/537.36 (KHTML, like Gecko) Chrome/137.0.0.0 Safari/537.36","target_user":"sdaasdas","login_status":"FAILED","http_status_code":302,"redirect_location":"http://localhost:8080/login?error=true","payload_hint":"username=sdaasdas&password=********"}
2025-10-14 13:53:52.699 [http-nio-8080-exec-1] WARN  o.s.w.s.m.s.DefaultHandlerExceptionResolver - Ignoring exception, response committed already: org.springframework.web.HttpRequestMethodNotSupportedException: Request method 'POST' is not supported
2025-10-14 13:53:52.700 [http-nio-8080-exec-1] WARN  o.s.w.s.m.s.DefaultHandlerExceptionResolver - Resolved [org.springframework.web.HttpRequestMethodNotSupportedException: Request method 'POST' is not supported]
2025-10-14 13:59:22.669 [http-nio-8080-exec-5] DEBUG org.hibernate.SQL - select u1_0.id,u1_0.password,u1_0.username from users u1_0 where u1_0.username=?
2025-10-14 13:59:22.790 [http-nio-8080-exec-5] INFO  c.n.m.config.LoginAttemptFilter - {"event_id":"LOGIN_ATTEMPT","timestamp":"2025-10-14T13:59:22.789611432+07:00[Asia/Jakarta]","client_ip":"0:0:0:0:0:0:0:1","user_agent":"Mozilla/5.0 (X11; Linux x86_64) AppleWebKit/537.36 (KHTML, like Gecko) Chrome/137.0.0.0 Safari/537.36","target_user":"admin","login_status":"SUCCESS","http_status_code":302,"redirect_location":"http://localhost:8080/home","payload_hint":"username=admin&password=********"}
2025-10-14 13:59:22.792 [http-nio-8080-exec-5] WARN  o.s.w.s.m.s.DefaultHandlerExceptionResolver - Ignoring exception, response committed already: org.springframework.web.HttpRequestMethodNotSupportedException: Request method 'POST' is not supported
2025-10-14 13:59:22.792 [http-nio-8080-exec-5] WARN  o.s.w.s.m.s.DefaultHandlerExceptionResolver - Resolved [org.springframework.web.HttpRequestMethodNotSupportedException: Request method 'POST' is not supported]
2025-10-14 14:02:50.360 [http-nio-8080-exec-1] DEBUG org.hibernate.SQL - select u1_0.id,u1_0.password,u1_0.username from users u1_0 where u1_0.username=?
2025-10-14 14:02:50.526 [http-nio-8080-exec-1] WARN  c.n.m.config.LoginAttemptFilter - {"event_id":"LOGIN_ATTEMPT","timestamp":"2025-10-14T14:02:50.525426692+07:00[Asia/Jakarta]","client_ip":"0:0:0:0:0:0:0:1","user_agent":"Mozilla/5.0 (X11; Linux x86_64) AppleWebKit/537.36 (KHTML, like Gecko) Chrome/137.0.0.0 Safari/537.36","target_user":"adsasd","login_status":"FAILED","http_status_code":302,"redirect_location":"http://localhost:8080/login?error=true","payload_hint":"username=adsasd&password=********"}
2025-10-14 14:02:50.529 [http-nio-8080-exec-1] WARN  o.s.w.s.m.s.DefaultHandlerExceptionResolver - Ignoring exception, response committed already: org.springframework.web.HttpRequestMethodNotSupportedException: Request method 'POST' is not supported
2025-10-14 14:02:50.531 [http-nio-8080-exec-1] WARN  o.s.w.s.m.s.DefaultHandlerExceptionResolver - Resolved [org.springframework.web.HttpRequestMethodNotSupportedException: Request method 'POST' is not supported]
2025-10-14 14:02:53.741 [http-nio-8080-exec-3] DEBUG org.hibernate.SQL - select u1_0.id,u1_0.password,u1_0.username from users u1_0 where u1_0.username=?
2025-10-14 14:02:53.907 [http-nio-8080-exec-3] WARN  c.n.m.config.LoginAttemptFilter - {"event_id":"LOGIN_ATTEMPT","timestamp":"2025-10-14T14:02:53.907768244+07:00[Asia/Jakarta]","client_ip":"0:0:0:0:0:0:0:1","user_agent":"Mozilla/5.0 (X11; Linux x86_64) AppleWebKit/537.36 (KHTML, like Gecko) Chrome/137.0.0.0 Safari/537.36","target_user":"sdadasd","login_status":"FAILED","http_status_code":302,"redirect_location":"http://localhost:8080/login?error=true","payload_hint":"username=sdadasd&password=********"}
2025-10-14 14:02:53.910 [http-nio-8080-exec-3] WARN  o.s.w.s.m.s.DefaultHandlerExceptionResolver - Ignoring exception, response committed already: org.springframework.web.HttpRequestMethodNotSupportedException: Request method 'POST' is not supported
2025-10-14 14:02:53.911 [http-nio-8080-exec-3] WARN  o.s.w.s.m.s.DefaultHandlerExceptionResolver - Resolved [org.springframework.web.HttpRequestMethodNotSupportedException: Request method 'POST' is not supported]
2025-10-14 14:02:56.894 [http-nio-8080-exec-5] DEBUG org.hibernate.SQL - select u1_0.id,u1_0.password,u1_0.username from users u1_0 where u1_0.username=?
2025-10-14 14:02:57.056 [http-nio-8080-exec-5] WARN  c.n.m.config.LoginAttemptFilter - {"event_id":"LOGIN_ATTEMPT","timestamp":"2025-10-14T14:02:57.056129593+07:00[Asia/Jakarta]","client_ip":"0:0:0:0:0:0:0:1","user_agent":"Mozilla/5.0 (X11; Linux x86_64) AppleWebKit/537.36 (KHTML, like Gecko) Chrome/137.0.0.0 Safari/537.36","target_user":"asdas","login_status":"FAILED","http_status_code":302,"redirect_location":"http://localhost:8080/login?error=true","payload_hint":"username=asdas&password=********"}
2025-10-14 14:02:57.059 [http-nio-8080-exec-5] WARN  o.s.w.s.m.s.DefaultHandlerExceptionResolver - Ignoring exception, response committed already: org.springframework.web.HttpRequestMethodNotSupportedException: Request method 'POST' is not supported
2025-10-14 14:02:57.060 [http-nio-8080-exec-5] WARN  o.s.w.s.m.s.DefaultHandlerExceptionResolver - Resolved [org.springframework.web.HttpRequestMethodNotSupportedException: Request method 'POST' is not supported]
2025-10-14 14:02:59.461 [http-nio-8080-exec-8] DEBUG org.hibernate.SQL - select u1_0.id,u1_0.password,u1_0.username from users u1_0 where u1_0.username=?
2025-10-14 14:02:59.564 [http-nio-8080-exec-8] WARN  c.n.m.config.LoginAttemptFilter - {"event_id":"LOGIN_ATTEMPT","timestamp":"2025-10-14T14:02:59.564391264+07:00[Asia/Jakarta]","client_ip":"0:0:0:0:0:0:0:1","user_agent":"Mozilla/5.0 (X11; Linux x86_64) AppleWebKit/537.36 (KHTML, like Gecko) Chrome/137.0.0.0 Safari/537.36","target_user":"asdasd","login_status":"FAILED","http_status_code":302,"redirect_location":"http://localhost:8080/login?error=true","payload_hint":"username=asdasd&password=********"}
2025-10-14 14:02:59.565 [http-nio-8080-exec-8] WARN  o.s.w.s.m.s.DefaultHandlerExceptionResolver - Ignoring exception, response committed already: org.springframework.web.HttpRequestMethodNotSupportedException: Request method 'POST' is not supported
2025-10-14 14:02:59.565 [http-nio-8080-exec-8] WARN  o.s.w.s.m.s.DefaultHandlerExceptionResolver - Resolved [org.springframework.web.HttpRequestMethodNotSupportedException: Request method 'POST' is not supported]
2025-10-14 14:03:01.720 [http-nio-8080-exec-9] DEBUG org.hibernate.SQL - select u1_0.id,u1_0.password,u1_0.username from users u1_0 where u1_0.username=?
2025-10-14 14:03:01.828 [http-nio-8080-exec-9] WARN  c.n.m.config.LoginAttemptFilter - {"event_id":"LOGIN_ATTEMPT","timestamp":"2025-10-14T14:03:01.828457616+07:00[Asia/Jakarta]","client_ip":"0:0:0:0:0:0:0:1","user_agent":"Mozilla/5.0 (X11; Linux x86_64) AppleWebKit/537.36 (KHTML, like Gecko) Chrome/137.0.0.0 Safari/537.36","target_user":"dasdsa","login_status":"FAILED","http_status_code":302,"redirect_location":"http://localhost:8080/login?error=true","payload_hint":"username=dasdsa&password=********"}
2025-10-14 14:03:01.830 [http-nio-8080-exec-9] WARN  o.s.w.s.m.s.DefaultHandlerExceptionResolver - Ignoring exception, response committed already: org.springframework.web.HttpRequestMethodNotSupportedException: Request method 'POST' is not supported
2025-10-14 14:03:01.830 [http-nio-8080-exec-9] WARN  o.s.w.s.m.s.DefaultHandlerExceptionResolver - Resolved [org.springframework.web.HttpRequestMethodNotSupportedException: Request method 'POST' is not supported]
2025-10-14 14:03:23.578 [http-nio-8080-exec-2] DEBUG org.hibernate.SQL - select u1_0.id,u1_0.password,u1_0.username from users u1_0 where u1_0.username=?
2025-10-14 14:03:23.704 [http-nio-8080-exec-2] INFO  c.n.m.config.LoginAttemptFilter - {"event_id":"LOGIN_ATTEMPT","timestamp":"2025-10-14T14:03:23.704144255+07:00[Asia/Jakarta]","client_ip":"0:0:0:0:0:0:0:1","user_agent":"Mozilla/5.0 (X11; Linux x86_64) AppleWebKit/537.36 (KHTML, like Gecko) Chrome/137.0.0.0 Safari/537.36","target_user":"admin","login_status":"SUCCESS","http_status_code":302,"redirect_location":"http://localhost:8080/home","payload_hint":"username=admin&password=********"}
2025-10-14 14:03:23.705 [http-nio-8080-exec-2] WARN  o.s.w.s.m.s.DefaultHandlerExceptionResolver - Ignoring exception, response committed already: org.springframework.web.HttpRequestMethodNotSupportedException: Request method 'POST' is not supported
2025-10-14 14:03:23.705 [http-nio-8080-exec-2] WARN  o.s.w.s.m.s.DefaultHandlerExceptionResolver - Resolved [org.springframework.web.HttpRequestMethodNotSupportedException: Request method 'POST' is not supported]
2025-10-14 14:10:57.443 [http-nio-8080-exec-7] DEBUG org.hibernate.SQL - select u1_0.id,u1_0.password,u1_0.username from users u1_0 where u1_0.username=?
2025-10-14 14:10:57.553 [http-nio-8080-exec-7] WARN  c.n.m.config.LoginAttemptFilter - {"event_id":"LOGIN_ATTEMPT","timestamp":"2025-10-14T14:10:57.553569517+07:00[Asia/Jakarta]","client_ip":"0:0:0:0:0:0:0:1","user_agent":"Mozilla/5.0 (X11; Linux x86_64) AppleWebKit/537.36 (KHTML, like Gecko) Chrome/137.0.0.0 Safari/537.36","target_user":"Muhamad Fikri","login_status":"FAILED","http_status_code":302,"redirect_location":"http://localhost:8080/login?error=true","payload_hint":"username=Muhamad+Fikri&password=********"}
2025-10-14 14:10:57.554 [http-nio-8080-exec-7] WARN  o.s.w.s.m.s.DefaultHandlerExceptionResolver - Ignoring exception, response committed already: org.springframework.web.HttpRequestMethodNotSupportedException: Request method 'POST' is not supported
2025-10-14 14:10:57.555 [http-nio-8080-exec-7] WARN  o.s.w.s.m.s.DefaultHandlerExceptionResolver - Resolved [org.springframework.web.HttpRequestMethodNotSupportedException: Request method 'POST' is not supported]
2025-10-14 14:11:08.167 [http-nio-8080-exec-10] DEBUG org.hibernate.SQL - select u1_0.id,u1_0.password,u1_0.username from users u1_0 where u1_0.username=?
2025-10-14 14:11:08.301 [http-nio-8080-exec-10] INFO  c.n.m.config.LoginAttemptFilter - {"event_id":"LOGIN_ATTEMPT","timestamp":"2025-10-14T14:11:08.300681912+07:00[Asia/Jakarta]","client_ip":"0:0:0:0:0:0:0:1","user_agent":"Mozilla/5.0 (X11; Linux x86_64) AppleWebKit/537.36 (KHTML, like Gecko) Chrome/137.0.0.0 Safari/537.36","target_user":"admin","login_status":"SUCCESS","http_status_code":302,"redirect_location":"http://localhost:8080/home","payload_hint":"username=admin&password=********"}
2025-10-14 14:11:08.303 [http-nio-8080-exec-10] WARN  o.s.w.s.m.s.DefaultHandlerExceptionResolver - Ignoring exception, response committed already: org.springframework.web.HttpRequestMethodNotSupportedException: Request method 'POST' is not supported
2025-10-14 14:11:08.303 [http-nio-8080-exec-10] WARN  o.s.w.s.m.s.DefaultHandlerExceptionResolver - Resolved [org.springframework.web.HttpRequestMethodNotSupportedException: Request method 'POST' is not supported]
2025-10-14 14:11:21.739 [http-nio-8080-exec-5] DEBUG org.hibernate.SQL - select u1_0.id,u1_0.password,u1_0.username from users u1_0 where u1_0.username=?
2025-10-14 14:11:21.844 [http-nio-8080-exec-5] INFO  c.n.m.config.LoginAttemptFilter - {"event_id":"LOGIN_ATTEMPT","timestamp":"2025-10-14T14:11:21.843877220+07:00[Asia/Jakarta]","client_ip":"127.0.0.1","user_agent":"Mozilla/5.0 (X11; Linux x86_64; rv:139.0) Gecko/20100101 Firefox/139.0","target_user":"admin","login_status":"SUCCESS","http_status_code":302,"redirect_location":"http://localhost:8080/home","payload_hint":"username=admin&password=********"}
2025-10-14 14:11:21.845 [http-nio-8080-exec-5] WARN  o.s.w.s.m.s.DefaultHandlerExceptionResolver - Ignoring exception, response committed already: org.springframework.web.HttpRequestMethodNotSupportedException: Request method 'POST' is not supported
2025-10-14 14:11:21.846 [http-nio-8080-exec-5] WARN  o.s.w.s.m.s.DefaultHandlerExceptionResolver - Resolved [org.springframework.web.HttpRequestMethodNotSupportedException: Request method 'POST' is not supported]
2025-10-14 14:15:36.829 [SpringApplicationShutdownHook] INFO  o.s.b.w.e.tomcat.GracefulShutdown - Commencing graceful shutdown. Waiting for active requests to complete
2025-10-14 14:15:36.854 [tomcat-shutdown] INFO  o.s.b.w.e.tomcat.GracefulShutdown - Graceful shutdown complete
2025-10-14 14:15:36.876 [SpringApplicationShutdownHook] INFO  o.s.o.j.LocalContainerEntityManagerFactoryBean - Closing JPA EntityManagerFactory for persistence unit 'default'
2025-10-14 14:15:36.895 [SpringApplicationShutdownHook] INFO  com.zaxxer.hikari.HikariDataSource - HikariPool-1 - Shutdown initiated...
2025-10-14 14:15:36.949 [SpringApplicationShutdownHook] INFO  com.zaxxer.hikari.HikariDataSource - HikariPool-1 - Shutdown completed.
